  Файл: /home/user1
  Размер: 4096      	Блоков: 8          Блок В/В: 4096   каталог
Устройство: 8/3	Инода: 3022009     Ссылки: 5
Доступ: (0750/drwxr-x---)  Uid: ( 1234/   user1)   Gid: ( 1234/   user1)
Доступ:        2026-09-20 16:58:55.900830879 +0300
Модифицирован: 2026-09-20 18:38:54.723534581 +0300
Изменён:       2026-09-20 18:38:54.723534581 +0300
Создан:        2026-09-20 16:57:05.892941003 +0300
  Файл: /home/daemo/cat
  Размер: 39384     	Блоков: 80         Блок В/В: 4096   обычный файл
Устройство: 8/3	Инода: 3063009     Ссылки: 1
Доступ: (4755/-rwsr-xr-x)  Uid: (    0/    root)   Gid: (    0/    root)
Доступ:        2026-09-20 17:57:21.563538802 +0300
Модифицирован: 2026-09-20 17:56:01.909440477 +0300
Изменён:       2026-09-20 17:56:48.012644368 +0300
Создан:        2026-09-20 17:56:01.909440477 +0300
  Файл: /home/daemo/chown
  Размер: 59912     	Блоков: 120        Блок В/В: 4096   обычный файл
Устройство: 8/3	Инода: 3063011     Ссылки: 1
Доступ: (0755/-rwxr-xr-x)  Uid: ( 1000/   daemo)   Gid: ( 1000/   daemo)
Доступ:        2026-09-20 18:04:43.585325122 +0300
Модифицирован: 2026-09-20 18:02:47.127550331 +0300
Изменён:       2026-09-20 18:03:40.868672173 +0300
Создан:        2026-09-20 18:02:47.127550331 +0300
